MPLINK 4.48, Linker
Linker Map File - Created Sun Dec 16 22:40:46 2018

                                 Section Info
                  Section       Type    Address   Location Size(Bytes)
                ---------  ---------  ---------  ---------  ---------
                   .org_0       code   0x000000    program   0x00003a



                              Program Memory Usage 
                               Start         End      
                           ---------   ---------      
                            0x000000    0x00001c      
            29 out of 8454 program addresses used, program memory utilization is 0%



                              Symbols - Sorted by Name
                     Name    Address   Location    Storage File                     
                ---------  ---------  ---------  --------- ---------                
                   DONGU1   0x000016    program     static C:\Users\METALBROTHER\Desktop\Enes\mikrop.asm
                   DONGU2   0x000018    program     static C:\Users\METALBROTHER\Desktop\Enes\mikrop.asm
                  GECIKME   0x000014    program     static C:\Users\METALBROTHER\Desktop\Enes\mikrop.asm
                   KAYDIR   0x000011    program     static C:\Users\METALBROTHER\Desktop\Enes\mikrop.asm
                  KONTROL   0x00000d    program     static C:\Users\METALBROTHER\Desktop\Enes\mikrop.asm
                      YAK   0x00000f    program     static C:\Users\METALBROTHER\Desktop\Enes\mikrop.asm



                              Symbols - Sorted by Address
                     Name    Address   Location    Storage File                     
                ---------  ---------  ---------  --------- ---------                
                  KONTROL   0x00000d    program     static C:\Users\METALBROTHER\Desktop\Enes\mikrop.asm
                      YAK   0x00000f    program     static C:\Users\METALBROTHER\Desktop\Enes\mikrop.asm
                   KAYDIR   0x000011    program     static C:\Users\METALBROTHER\Desktop\Enes\mikrop.asm
                  GECIKME   0x000014    program     static C:\Users\METALBROTHER\Desktop\Enes\mikrop.asm
                   DONGU1   0x000016    program     static C:\Users\METALBROTHER\Desktop\Enes\mikrop.asm
                   DONGU2   0x000018    program     static C:\Users\METALBROTHER\Desktop\Enes\mikrop.asm


